9606	hsa-miR-125b-5p	ENSP00000254231	experiments;prediction;textmining	0.857157432915
